src/app/(dashboard)/activos/page.tsx(175,59): error TS7006: Parameter 'val' implicitly has an 'any' type.
src/app/(dashboard)/activos/page.tsx(339,63): error TS7006: Parameter 'val' implicitly has an 'any' type.
src/app/(dashboard)/activos/page.tsx(357,65): error TS7006: Parameter 'val' implicitly has an 'any' type.
src/app/(dashboard)/admin/cocina/page.tsx(8,58): error TS2307: Cannot find module '@/components/uib/tabs' or its corresponding type declarations.
src/app/(dashboard)/admin/config/page.tsx(203,25): error TS2322: Type '{ checked: boolean; onCheckedChange: (checked: boolean) => void; className: string; }' is not assignable to type 'IntrinsicAttributes & InputHTMLAttributes<HTMLInputElement> & RefAttributes<HTMLInputElement>'.
  Property 'onCheckedChange' does not exist on type 'IntrinsicAttributes & InputHTMLAttributes<HTMLInputElement> & RefAttributes<HTMLInputElement>'.
src/app/(dashboard)/admin/config/page.tsx(252,26): error TS2322: Type '{ checked: boolean; onCheckedChange: (c: boolean) => void; className: string; }' is not assignable to type 'IntrinsicAttributes & InputHTMLAttributes<HTMLInputElement> & RefAttributes<HTMLInputElement>'.
  Property 'onCheckedChange' does not exist on type 'IntrinsicAttributes & InputHTMLAttributes<HTMLInputElement> & RefAttributes<HTMLInputElement>'.
src/app/(dashboard)/admin/config/page.tsx(269,26): error TS2322: Type '{ checked: boolean; onCheckedChange: (c: boolean) => void; className: string; }' is not assignable to type 'IntrinsicAttributes & InputHTMLAttributes<HTMLInputElement> & RefAttributes<HTMLInputElement>'.
  Property 'onCheckedChange' does not exist on type 'IntrinsicAttributes & InputHTMLAttributes<HTMLInputElement> & RefAttributes<HTMLInputElement>'.
src/app/(dashboard)/admin/config/page.tsx(286,26): error TS2322: Type '{ checked: boolean; onCheckedChange: (c: boolean) => void; className: string; }' is not assignable to type 'IntrinsicAttributes & InputHTMLAttributes<HTMLInputElement> & RefAttributes<HTMLInputElement>'.
  Property 'onCheckedChange' does not exist on type 'IntrinsicAttributes & InputHTMLAttributes<HTMLInputElement> & RefAttributes<HTMLInputElement>'.
src/app/(dashboard)/admin/flota/page.tsx(259,63): error TS7006: Parameter 'val' implicitly has an 'any' type.
src/app/(dashboard)/admin/flota/page.tsx(274,65): error TS7006: Parameter 'val' implicitly has an 'any' type.
src/app/(dashboard)/admin/usuarios/page.tsx(294,62): error TS7006: Parameter 'val' implicitly has an 'any' type.
src/app/(dashboard)/operaciones/servicios/page.tsx(187,63): error TS7006: Parameter 'v' implicitly has an 'any' type.
src/app/(dashboard)/operaciones/servicios/page.tsx(203,63): error TS7006: Parameter 'v' implicitly has an 'any' type.
src/app/(dashboard)/porteria/page.tsx(393,33): error TS2322: Type '"ghost"' is not assignable to type '"default" | "destructive" | "outline" | "secondary" | null | undefined'.
src/app/mobile/registro/page.tsx(205,65): error TS7006: Parameter 'v' implicitly has an 'any' type.
